// Jest Snapshot v1, https://goo.gl/fbAQLP

exports[`SelectOptionsSearch renders properly 1`] = `
<div class="options-search"><input type="text" autofocus="autofocus" placeholder="Search..." class="options-search__input"> <a href="#" class="options-search__clear">
    <svgicon-stub name="close" width="10" height="10" fill="true" color="#9b9b9b"></svgicon-stub>
  </a></div>
`;
